// Jest Snapshot v1, https://goo.gl/fbAQLP

exports[`renders MainPage without crashing 1`] = `
<div
  className="tc"
>
  <h1
    className="f2"
  >
     RoboFriends
  </h1>
  <Header />
  <SearchBox />
  <Scroll>
    <ErrorBoundry>
      <CardList
        robots={Array []}
      />
    </ErrorBoundry>
  </Scroll>
</div>
`;
